[    1146ms] [INFO] %cDownload the React DevTools for a better development experience: https://react.dev/link/react-devtools font-weight:bold @ http://localhost:3100/_next/static/chunks/2150_next_dist_06b1v5d._.js:776
[    1181ms] [LOG] [HMR] connected @ http://localhost:3100/_next/static/chunks/2150_next_dist_06b1v5d._.js:776
[    1195ms] [WARNING] %c%s%c ⚠ Unsupported metadata viewport is configured in metadata export in /[locale]/journ/schedule. Please move it to viewport export instead.
Read more: https://nextjs.org/docs/app/api-reference/functions/generate-viewport background: #e6e6e6;background: light-dark(rgba(0,0,0,0.1), rgba(255,255,255,0.25));color: #000000;color: light-dark(#000000, #ffffff);border-radius: 2px  Server   @ http://localhost:3100/_next/static/chunks/2150_next_dist_06b1v5d._.js:776
[  215422ms] [LOG] [Fast Refresh] rebuilding @ http://localhost:3100/_next/static/chunks/2150_next_dist_06b1v5d._.js:776
[  215438ms] [LOG] [Fast Refresh] done in 4ms @ http://localhost:3100/_next/static/chunks/2150_next_dist_06b1v5d._.js:776
[  215511ms] [WARNING] %c%s%c ⚠ Unsupported metadata viewport is configured in metadata export in /[locale]/journ/schedule. Please move it to viewport export instead.
Read more: https://nextjs.org/docs/app/api-reference/functions/generate-viewport background: #e6e6e6;background: light-dark(rgba(0,0,0,0.1), rgba(255,255,255,0.25));color: #000000;color: light-dark(#000000, #ffffff);border-radius: 2px  Server   @ http://localhost:3100/_next/static/chunks/2150_next_dist_06b1v5d._.js:776
[  215512ms] [LOG] [Fast Refresh] done in 4ms @ http://localhost:3100/_next/static/chunks/2150_next_dist_06b1v5d._.js:776
[  215544ms] Error: Element type is invalid: expected a string (for built-in components) or a class/function (for composite components) but got: object.

Check the render method of `PickerDemo`.
    at createFiberFromTypeAndProps (http://localhost:3100/_next/static/chunks/2150_next_dist_compiled_react-dom_1x6b_tx._.js:2969:32)
    at createFiberFromElement (http://localhost:3100/_next/static/chunks/2150_next_dist_compiled_react-dom_1x6b_tx._.js:2980:16)
    at reconcileChildFibersImpl (http://localhost:3100/_next/static/chunks/2150_next_dist_compiled_react-dom_1x6b_tx._.js:4011:421)
    at http://localhost:3100/_next/static/chunks/2150_next_dist_compiled_react-dom_1x6b_tx._.js:4066:39
    at reconcileChildren (http://localhost:3100/_next/static/chunks/2150_next_dist_compiled_react-dom_1x6b_tx._.js:5705:119)
    at beginWork (http://localhost:3100/_next/static/chunks/2150_next_dist_compiled_react-dom_1x6b_tx._.js:6585:1573)
    at runWithFiberInDEV (http://localhost:3100/_next/static/chunks/2150_next_dist_compiled_react-dom_1x6b_tx._.js:761:74)
    at performUnitOfWork (http://localhost:3100/_next/static/chunks/2150_next_dist_compiled_react-dom_1x6b_tx._.js:9385:97)
    at workLoopSync (http://localhost:3100/_next/static/chunks/2150_next_dist_compiled_react-dom_1x6b_tx._.js:9279:40)
    at renderRootSync (http://localhost:3100/_next/static/chunks/2150_next_dist_compiled_react-dom_1x6b_tx._.js:9263:13)
    at performWorkOnRoot (http://localhost:3100/_next/static/chunks/2150_next_dist_compiled_react-dom_1x6b_tx._.js:8928:47)
    at performWorkOnRootViaSchedulerTask (http://localhost:3100/_next/static/chunks/2150_next_dist_compiled_react-dom_1x6b_tx._.js:10085:9)
    at MessagePort.performWorkUntilDeadline (http://localhost:3100/_next/static/chunks/2150_next_dist_compiled_109_-1b._.js:2647:64)
[  215665ms] [LOG] [Fast Refresh] done in 4ms @ http://localhost:3100/_next/static/chunks/2150_next_dist_06b1v5d._.js:776
[  234499ms] [LOG] [Fast Refresh] rebuilding @ http://localhost:3100/_next/static/chunks/2150_next_dist_06b1v5d._.js:776
[  234548ms] [LOG] [Fast Refresh] done in 149ms @ http://localhost:3100/_next/static/chunks/2150_next_dist_06b1v5d._.js:776
[  234691ms] [LOG] [Fast Refresh] rebuilding @ http://localhost:3100/_next/static/chunks/2150_next_dist_06b1v5d._.js:776
[  234698ms] [WARNING] [Fast Refresh] performing full reload because your application had an unrecoverable error @ http://localhost:3100/_next/static/chunks/2150_next_dist_06b1v5d._.js:776
[  234711ms] Error: Element type is invalid: expected a string (for built-in components) or a class/function (for composite components) but got: object.

Check the render method of `PickerDemo`.
    at createFiberFromTypeAndProps (http://localhost:3100/_next/static/chunks/2150_next_dist_compiled_react-dom_1x6b_tx._.js:2969:32)
    at createFiberFromElement (http://localhost:3100/_next/static/chunks/2150_next_dist_compiled_react-dom_1x6b_tx._.js:2980:16)
    at reconcileChildFibersImpl (http://localhost:3100/_next/static/chunks/2150_next_dist_compiled_react-dom_1x6b_tx._.js:4011:421)
    at http://localhost:3100/_next/static/chunks/2150_next_dist_compiled_react-dom_1x6b_tx._.js:4066:39
    at reconcileChildren (http://localhost:3100/_next/static/chunks/2150_next_dist_compiled_react-dom_1x6b_tx._.js:5705:51)
    at beginWork (http://localhost:3100/_next/static/chunks/2150_next_dist_compiled_react-dom_1x6b_tx._.js:6585:1573)
    at runWithFiberInDEV (http://localhost:3100/_next/static/chunks/2150_next_dist_compiled_react-dom_1x6b_tx._.js:761:74)
    at performUnitOfWork (http://localhost:3100/_next/static/chunks/2150_next_dist_compiled_react-dom_1x6b_tx._.js:9385:97)
    at workLoopSync (http://localhost:3100/_next/static/chunks/2150_next_dist_compiled_react-dom_1x6b_tx._.js:9279:40)
    at renderRootSync (http://localhost:3100/_next/static/chunks/2150_next_dist_compiled_react-dom_1x6b_tx._.js:9263:13)
    at performWorkOnRoot (http://localhost:3100/_next/static/chunks/2150_next_dist_compiled_react-dom_1x6b_tx._.js:8928:47)
    at performSyncWorkOnRoot (http://localhost:3100/_next/static/chunks/2150_next_dist_compiled_react-dom_1x6b_tx._.js:10093:9)
    at flushSyncWorkAcrossRoots_impl (http://localhost:3100/_next/static/chunks/2150_next_dist_compiled_react-dom_1x6b_tx._.js:10009:316)
    at flushSyncWork$1 (http://localhost:3100/_next/static/chunks/2150_next_dist_compiled_react-dom_1x6b_tx._.js:9060:86)
    at Object.scheduleRefresh (http://localhost:3100/_next/static/chunks/2150_next_dist_compiled_react-dom_1x6b_tx._.js:82:13)
    at http://localhost:3100/_next/static/chunks/2150_next_dist_compiled_109_-1b._.js:589:33
    at Set.forEach (<anonymous>)
    at Object.performReactRefresh (http://localhost:3100/_next/static/chunks/2150_next_dist_compiled_109_-1b._.js:582:38)
    at applyUpdate (http://localhost:3100/_next/static/chunks/2150_next_dist_compiled_109_-1b._.js:137:31)
    at http://localhost:3100/_next/static/chunks/2150_next_dist_compiled_109_-1b._.js:145:13
[  234782ms] [LOG] [Fast Refresh] done in 46ms @ http://localhost:3100/_next/static/chunks/2150_next_dist_06b1v5d._.js:776
[  235237ms] [INFO] %cDownload the React DevTools for a better development experience: https://react.dev/link/react-devtools font-weight:bold @ http://localhost:3100/_next/static/chunks/2150_next_dist_06b1v5d._.js:776
[  235248ms] [LOG] [HMR] connected @ http://localhost:3100/_next/static/chunks/2150_next_dist_06b1v5d._.js:776
[  235252ms] [WARNING] %c%s%c ⚠ Unsupported metadata viewport is configured in metadata export in /[locale]/journ/schedule. Please move it to viewport export instead.
Read more: https://nextjs.org/docs/app/api-reference/functions/generate-viewport background: #e6e6e6;background: light-dark(rgba(0,0,0,0.1), rgba(255,255,255,0.25));color: #000000;color: light-dark(#000000, #ffffff);border-radius: 2px  Server   @ http://localhost:3100/_next/static/chunks/2150_next_dist_06b1v5d._.js:776
[  235555ms] Error: Element type is invalid: expected a string (for built-in components) or a class/function (for composite components) but got: object.

Check the render method of `PickerDemo`.
    at createFiberFromTypeAndProps (http://localhost:3100/_next/static/chunks/2150_next_dist_compiled_react-dom_1x6b_tx._.js:2969:32)
    at createFiberFromElement (http://localhost:3100/_next/static/chunks/2150_next_dist_compiled_react-dom_1x6b_tx._.js:2980:16)
    at reconcileChildFibersImpl (http://localhost:3100/_next/static/chunks/2150_next_dist_compiled_react-dom_1x6b_tx._.js:4011:421)
    at http://localhost:3100/_next/static/chunks/2150_next_dist_compiled_react-dom_1x6b_tx._.js:4066:39
    at reconcileChildren (http://localhost:3100/_next/static/chunks/2150_next_dist_compiled_react-dom_1x6b_tx._.js:5705:51)
    at beginWork (http://localhost:3100/_next/static/chunks/2150_next_dist_compiled_react-dom_1x6b_tx._.js:6585:1573)
    at runWithFiberInDEV (http://localhost:3100/_next/static/chunks/2150_next_dist_compiled_react-dom_1x6b_tx._.js:761:74)
    at performUnitOfWork (http://localhost:3100/_next/static/chunks/2150_next_dist_compiled_react-dom_1x6b_tx._.js:9385:97)
    at workLoopSync (http://localhost:3100/_next/static/chunks/2150_next_dist_compiled_react-dom_1x6b_tx._.js:9279:40)
    at renderRootSync (http://localhost:3100/_next/static/chunks/2150_next_dist_compiled_react-dom_1x6b_tx._.js:9263:13)
    at performWorkOnRoot (http://localhost:3100/_next/static/chunks/2150_next_dist_compiled_react-dom_1x6b_tx._.js:8928:47)
    at performWorkOnRootViaSchedulerTask (http://localhost:3100/_next/static/chunks/2150_next_dist_compiled_react-dom_1x6b_tx._.js:10085:9)
    at MessagePort.performWorkUntilDeadline (http://localhost:3100/_next/static/chunks/2150_next_dist_compiled_109_-1b._.js:2647:64)
[  257429ms] [ERROR] ./packages/journ/src/combobox.tsx:1:1
Error: Export Content doesn't exist in target module
> 1 | ...mport { Content, Empty, Group, Input, Item, List, Root, Trigger } from './combobox-parts'
    |    ^^^^^^^^^^^^^^^^^^^^^^^^^^^^^^^^^^^^^^^^^^^^^^^^^^^^^^^^^^^^^^^^^^^^^^^^^^^^^^^^^^^^^^^^^^
  2 | ...mport { Description, Title } from './drawer-parts'
  3 | ...
  4 | ...onst Combobox = { Root, Trigger, Content, Title, Description, Input, List, Empty, Group,...

The export Content was not found in module [project]/packages/journ/src/combobox-parts.tsx [app-client] (ecmascript).
Did you mean to import Root?
All exports of the module are statically known (It doesn't have dynamic exports). So it's known statically that the requested export doesn't exist.

Import traces:
  Client Component Browser:
    ./packages/journ/src/combobox.tsx [Client Component Browser]
    ./apps/site/src/app/[locale]/journ/_components/picker-demo.tsx [Client Component Browser]
    ./apps/site/src/app/[locale]/journ/_components/picker-demo.tsx [Server Component]
    ./apps/site/src/app/[locale]/journ/schedule/page.tsx [Server Component]

  Client Component SSR:
    ./packages/journ/src/combobox.tsx [Client Component SSR]
    ./apps/site/src/app/[locale]/journ/_components/picker-demo.tsx [Client Component SSR]
    ./apps/site/src/app/[locale]/journ/_components/picker-demo.tsx [Server Component]
    ./apps/site/src/app/[locale]/journ/schedule/page.tsx [Server Component] @ http://localhost:3100/_next/static/chunks/2150_next_dist_06b1v5d._.js:1052
[  257429ms] [ERROR] ./packages/journ/src/combobox.tsx:1:1
Error: Export Content doesn't exist in target module
> 1 | ...mport { Content, Empty, Group, Input, Item, List, Root, Trigger } from './combobox-parts'
    |    ^^^^^^^^^^^^^^^^^^^^^^^^^^^^^^^^^^^^^^^^^^^^^^^^^^^^^^^^^^^^^^^^^^^^^^^^^^^^^^^^^^^^^^^^^^
  2 | ...mport { Description, Title } from './drawer-parts'
  3 | ...
  4 | ...onst Combobox = { Root, Trigger, Content, Title, Description, Input, List, Empty, Group,...

The export Content was not found in module [project]/packages/journ/src/combobox-parts.tsx [app-ssr] (ecmascript).
Did you mean to import Root?
All exports of the module are statically known (It doesn't have dynamic exports). So it's known statically that the requested export doesn't exist.

Import traces:
  Client Component Browser:
    ./packages/journ/src/combobox.tsx [Client Component Browser]
    ./apps/site/src/app/[locale]/journ/_components/picker-demo.tsx [Client Component Browser]
    ./apps/site/src/app/[locale]/journ/_components/picker-demo.tsx [Server Component]
    ./apps/site/src/app/[locale]/journ/schedule/page.tsx [Server Component]

  Client Component SSR:
    ./packages/journ/src/combobox.tsx [Client Component SSR]
    ./apps/site/src/app/[locale]/journ/_components/picker-demo.tsx [Client Component SSR]
    ./apps/site/src/app/[locale]/journ/_components/picker-demo.tsx [Server Component]
    ./apps/site/src/app/[locale]/journ/schedule/page.tsx [Server Component] @ http://localhost:3100/_next/static/chunks/2150_next_dist_06b1v5d._.js:1052
[  257497ms] [LOG] [Fast Refresh] rebuilding @ http://localhost:3100/_next/static/chunks/2150_next_dist_06b1v5d._.js:776
[  257541ms] [ERROR] ./packages/journ/src/combobox.tsx:1:1
Error: Export Content doesn't exist in target module
> 1 | ...mport { Content, Empty, Group, Input, Item, List, Root, Trigger } from './combobox-parts'
    |    ^^^^^^^^^^^^^^^^^^^^^^^^^^^^^^^^^^^^^^^^^^^^^^^^^^^^^^^^^^^^^^^^^^^^^^^^^^^^^^^^^^^^^^^^^^
  2 | ...mport { Description, Title } from './drawer-parts'
  3 | ...
  4 | ...onst Combobox = { Root, Trigger, Content, Title, Description, Input, List, Empty, Group,...

The export Content was not found in module [project]/packages/journ/src/combobox-parts.tsx [app-client] (ecmascript).
Did you mean to import Root?
All exports of the module are statically known (It doesn't have dynamic exports). So it's known statically that the requested export doesn't exist.

Import traces:
  Client Component Browser:
    ./packages/journ/src/combobox.tsx [Client Component Browser]
    ./apps/site/src/app/[locale]/journ/_components/picker-demo.tsx [Client Component Browser]
    ./apps/site/src/app/[locale]/journ/_components/picker-demo.tsx [Server Component]
    ./apps/site/src/app/[locale]/journ/schedule/page.tsx [Server Component]

  Client Component SSR:
    ./packages/journ/src/combobox.tsx [Client Component SSR]
    ./apps/site/src/app/[locale]/journ/_components/picker-demo.tsx [Client Component SSR]
    ./apps/site/src/app/[locale]/journ/_components/picker-demo.tsx [Server Component]
    ./apps/site/src/app/[locale]/journ/schedule/page.tsx [Server Component] @ http://localhost:3100/_next/static/chunks/2150_next_dist_06b1v5d._.js:1052
[  257541ms] [ERROR] ./packages/journ/src/combobox.tsx:1:1
Error: Export Content doesn't exist in target module
> 1 | ...mport { Content, Empty, Group, Input, Item, List, Root, Trigger } from './combobox-parts'
    |    ^^^^^^^^^^^^^^^^^^^^^^^^^^^^^^^^^^^^^^^^^^^^^^^^^^^^^^^^^^^^^^^^^^^^^^^^^^^^^^^^^^^^^^^^^^
  2 | ...mport { Description, Title } from './drawer-parts'
  3 | ...
  4 | ...onst Combobox = { Root, Trigger, Content, Title, Description, Input, List, Empty, Group,...

The export Content was not found in module [project]/packages/journ/src/combobox-parts.tsx [app-ssr] (ecmascript).
Did you mean to import Root?
All exports of the module are statically known (It doesn't have dynamic exports). So it's known statically that the requested export doesn't exist.

Import traces:
  Client Component Browser:
    ./packages/journ/src/combobox.tsx [Client Component Browser]
    ./apps/site/src/app/[locale]/journ/_components/picker-demo.tsx [Client Component Browser]
    ./apps/site/src/app/[locale]/journ/_components/picker-demo.tsx [Server Component]
    ./apps/site/src/app/[locale]/journ/schedule/page.tsx [Server Component]

  Client Component SSR:
    ./packages/journ/src/combobox.tsx [Client Component SSR]
    ./apps/site/src/app/[locale]/journ/_components/picker-demo.tsx [Client Component SSR]
    ./apps/site/src/app/[locale]/journ/_components/picker-demo.tsx [Server Component]
    ./apps/site/src/app/[locale]/journ/schedule/page.tsx [Server Component] @ http://localhost:3100/_next/static/chunks/2150_next_dist_06b1v5d._.js:1052
[  257668ms] [LOG] [Fast Refresh] rebuilding @ http://localhost:3100/_next/static/chunks/2150_next_dist_06b1v5d._.js:776
[  257673ms] [WARNING] [Fast Refresh] performing full reload because your application had an unrecoverable error @ http://localhost:3100/_next/static/chunks/2150_next_dist_06b1v5d._.js:776
[  257740ms] [LOG] [Fast Refresh] done in 4ms @ http://localhost:3100/_next/static/chunks/2150_next_dist_06b1v5d._.js:776
[  257823ms] [INFO] %cDownload the React DevTools for a better development experience: https://react.dev/link/react-devtools font-weight:bold @ http://localhost:3100/_next/static/chunks/2150_next_dist_06b1v5d._.js:776
[  257831ms] [LOG] [HMR] connected @ http://localhost:3100/_next/static/chunks/2150_next_dist_06b1v5d._.js:776
[  257834ms] [WARNING] %c%s%c ⚠ Unsupported metadata viewport is configured in metadata export in /[locale]/journ/schedule. Please move it to viewport export instead.
Read more: https://nextjs.org/docs/app/api-reference/functions/generate-viewport background: #e6e6e6;background: light-dark(rgba(0,0,0,0.1), rgba(255,255,255,0.25));color: #000000;color: light-dark(#000000, #ffffff);border-radius: 2px  Server   @ http://localhost:3100/_next/static/chunks/2150_next_dist_06b1v5d._.js:776
[  258149ms] Error: Element type is invalid: expected a string (for built-in components) or a class/function (for composite components) but got: object.

Check the render method of `PickerDemo`.
    at createFiberFromTypeAndProps (http://localhost:3100/_next/static/chunks/2150_next_dist_compiled_react-dom_1x6b_tx._.js:2969:32)
    at createFiberFromElement (http://localhost:3100/_next/static/chunks/2150_next_dist_compiled_react-dom_1x6b_tx._.js:2980:16)
    at reconcileChildFibersImpl (http://localhost:3100/_next/static/chunks/2150_next_dist_compiled_react-dom_1x6b_tx._.js:4011:421)
    at http://localhost:3100/_next/static/chunks/2150_next_dist_compiled_react-dom_1x6b_tx._.js:4066:39
    at reconcileChildren (http://localhost:3100/_next/static/chunks/2150_next_dist_compiled_react-dom_1x6b_tx._.js:5705:51)
    at beginWork (http://localhost:3100/_next/static/chunks/2150_next_dist_compiled_react-dom_1x6b_tx._.js:6585:1573)
    at runWithFiberInDEV (http://localhost:3100/_next/static/chunks/2150_next_dist_compiled_react-dom_1x6b_tx._.js:761:74)
    at performUnitOfWork (http://localhost:3100/_next/static/chunks/2150_next_dist_compiled_react-dom_1x6b_tx._.js:9385:97)
    at workLoopSync (http://localhost:3100/_next/static/chunks/2150_next_dist_compiled_react-dom_1x6b_tx._.js:9279:40)
    at renderRootSync (http://localhost:3100/_next/static/chunks/2150_next_dist_compiled_react-dom_1x6b_tx._.js:9263:13)
    at performWorkOnRoot (http://localhost:3100/_next/static/chunks/2150_next_dist_compiled_react-dom_1x6b_tx._.js:8928:47)
    at performWorkOnRootViaSchedulerTask (http://localhost:3100/_next/static/chunks/2150_next_dist_compiled_react-dom_1x6b_tx._.js:10085:9)
    at MessagePort.performWorkUntilDeadline (http://localhost:3100/_next/static/chunks/2150_next_dist_compiled_109_-1b._.js:2647:64)
[  274774ms] [LOG] [Fast Refresh] rebuilding @ http://localhost:3100/_next/static/chunks/2150_next_dist_06b1v5d._.js:776
[  274776ms] [WARNING] [Fast Refresh] performing full reload because your application had an unrecoverable error @ http://localhost:3100/_next/static/chunks/2150_next_dist_06b1v5d._.js:776
[  274812ms] [LOG] [Fast Refresh] done in 5ms @ http://localhost:3100/_next/static/chunks/2150_next_dist_06b1v5d._.js:776
[  274843ms] [INFO] %cDownload the React DevTools for a better development experience: https://react.dev/link/react-devtools font-weight:bold @ http://localhost:3100/_next/static/chunks/2150_next_dist_06b1v5d._.js:776
[  274853ms] [LOG] [HMR] connected @ http://localhost:3100/_next/static/chunks/2150_next_dist_06b1v5d._.js:776
[  274856ms] [WARNING] %c%s%c ⚠ Unsupported metadata viewport is configured in metadata export in /[locale]/journ/schedule. Please move it to viewport export instead.
Read more: https://nextjs.org/docs/app/api-reference/functions/generate-viewport background: #e6e6e6;background: light-dark(rgba(0,0,0,0.1), rgba(255,255,255,0.25));color: #000000;color: light-dark(#000000, #ffffff);border-radius: 2px  Server   @ http://localhost:3100/_next/static/chunks/2150_next_dist_06b1v5d._.js:776
[  284531ms] [LOG] [Fast Refresh] rebuilding @ http://localhost:3100/_next/static/chunks/2150_next_dist_06b1v5d._.js:776
[  284577ms] [WARNING] %c%s%c ⚠ Unsupported metadata viewport is configured in metadata export in /[locale]/journ/schedule. Please move it to viewport export instead.
Read more: https://nextjs.org/docs/app/api-reference/functions/generate-viewport background: #e6e6e6;background: light-dark(rgba(0,0,0,0.1), rgba(255,255,255,0.25));color: #000000;color: light-dark(#000000, #ffffff);border-radius: 2px  Server   @ http://localhost:3100/_next/static/chunks/2150_next_dist_06b1v5d._.js:776
[  284587ms] [LOG] [Fast Refresh] done in 6ms @ http://localhost:3100/_next/static/chunks/2150_next_dist_06b1v5d._.js:776
[  284631ms] [LOG] [Fast Refresh] done in 6ms @ http://localhost:3100/_next/static/chunks/2150_next_dist_06b1v5d._.js:776
[  284837ms] [LOG] [Fast Refresh] done in 6ms @ http://localhost:3100/_next/static/chunks/2150_next_dist_06b1v5d._.js:776
[  285686ms] [LOG] [Fast Refresh] done in 6ms @ http://localhost:3100/_next/static/chunks/2150_next_dist_06b1v5d._.js:776
[  304239ms] [LOG] [Fast Refresh] done in 6ms @ http://localhost:3100/_next/static/chunks/2150_next_dist_06b1v5d._.js:776
