[     116ms] [INFO] %cDownload the React DevTools for a better development experience: https://react.dev/link/react-devtools font-weight:bold @ http://localhost:3100/_next/static/chunks/2150_next_dist_06b1v5d._.js:776
[     126ms] [LOG] [HMR] connected @ http://localhost:3100/_next/static/chunks/2150_next_dist_06b1v5d._.js:776
[     131ms] [WARNING] %c%s%c ⚠ Unsupported metadata viewport is configured in metadata export in /[locale]/journ/schedule. Please move it to viewport export instead.
Read more: https://nextjs.org/docs/app/api-reference/functions/generate-viewport background: #e6e6e6;background: light-dark(rgba(0,0,0,0.1), rgba(255,255,255,0.25));color: #000000;color: light-dark(#000000, #ffffff);border-radius: 2px  Server   @ http://localhost:3100/_next/static/chunks/2150_next_dist_06b1v5d._.js:776
[  225961ms] [LOG] [Fast Refresh] rebuilding @ http://localhost:3100/_next/static/chunks/2150_next_dist_06b1v5d._.js:776
[  226538ms] [WARNING] %c%s%c ⚠ Unsupported metadata viewport is configured in metadata export in /[locale]/journ/schedule. Please move it to viewport export instead.
Read more: https://nextjs.org/docs/app/api-reference/functions/generate-viewport background: #e6e6e6;background: light-dark(rgba(0,0,0,0.1), rgba(255,255,255,0.25));color: #000000;color: light-dark(#000000, #ffffff);border-radius: 2px  Server   @ http://localhost:3100/_next/static/chunks/2150_next_dist_06b1v5d._.js:776
[  226539ms] [WARNING] [Fast Refresh] performing full reload

Fast Refresh will perform a full reload when you edit a file that's imported by modules outside of the React rendering tree.
You might have a file which exports a React component but also exports a value that is imported by a non-React component file.
Consider migrating the non-React component export to a separate file and importing it into both files.

It is also possible the parent component of the component you edited is a class component, which disables Fast Refresh.
Fast Refresh requires at least one parent function component in your React tree. @ http://localhost:3100/_next/static/chunks/2150_next_dist_06b1v5d._.js:776
[  226541ms] [LOG] [Fast Refresh] done in 615ms @ http://localhost:3100/_next/static/chunks/2150_next_dist_06b1v5d._.js:776
[  226647ms] [WARNING] %c%s%c ⚠ Unsupported metadata viewport is configured in metadata export in /[locale]/journ/schedule. Please move it to viewport export instead.
Read more: https://nextjs.org/docs/app/api-reference/functions/generate-viewport background: #e6e6e6;background: light-dark(rgba(0,0,0,0.1), rgba(255,255,255,0.25));color: #000000;color: light-dark(#000000, #ffffff);border-radius: 2px  Server   @ http://localhost:3100/_next/static/chunks/2150_next_dist_06b1v5d._.js:776
[  226649ms] [LOG] [Fast Refresh] done in 626ms @ http://localhost:3100/_next/static/chunks/2150_next_dist_06b1v5d._.js:776
[  226910ms] [INFO] %cDownload the React DevTools for a better development experience: https://react.dev/link/react-devtools font-weight:bold @ http://localhost:3100/_next/static/chunks/2150_next_dist_06b1v5d._.js:776
[  226923ms] [LOG] [HMR] connected @ http://localhost:3100/_next/static/chunks/2150_next_dist_06b1v5d._.js:776
[  226926ms] [WARNING] %c%s%c ⚠ Unsupported metadata viewport is configured in metadata export in /[locale]/journ/schedule. Please move it to viewport export instead.
Read more: https://nextjs.org/docs/app/api-reference/functions/generate-viewport background: #e6e6e6;background: light-dark(rgba(0,0,0,0.1), rgba(255,255,255,0.25));color: #000000;color: light-dark(#000000, #ffffff);border-radius: 2px  Server   @ http://localhost:3100/_next/static/chunks/2150_next_dist_06b1v5d._.js:776
[  256164ms] [LOG] [Fast Refresh] rebuilding @ http://localhost:3100/_next/static/chunks/2150_next_dist_06b1v5d._.js:776
[  256208ms] [WARNING] %c%s%c ⚠ Unsupported metadata viewport is configured in metadata export in /[locale]/journ/schedule. Please move it to viewport export instead.
Read more: https://nextjs.org/docs/app/api-reference/functions/generate-viewport background: #e6e6e6;background: light-dark(rgba(0,0,0,0.1), rgba(255,255,255,0.25));color: #000000;color: light-dark(#000000, #ffffff);border-radius: 2px  Server   @ http://localhost:3100/_next/static/chunks/2150_next_dist_06b1v5d._.js:776
[  256220ms] [LOG] [Fast Refresh] done in 8ms @ http://localhost:3100/_next/static/chunks/2150_next_dist_06b1v5d._.js:776
[  256268ms] [LOG] [Fast Refresh] done in 8ms @ http://localhost:3100/_next/static/chunks/2150_next_dist_06b1v5d._.js:776
[  260809ms] [LOG] [Fast Refresh] done in 8ms @ http://localhost:3100/_next/static/chunks/2150_next_dist_06b1v5d._.js:776
[  314279ms] [LOG] [Fast Refresh] done in 8ms @ http://localhost:3100/_next/static/chunks/2150_next_dist_06b1v5d._.js:776
[  314401ms] [LOG] [Fast Refresh] done in 8ms @ http://localhost:3100/_next/static/chunks/2150_next_dist_06b1v5d._.js:776
[  314528ms] [LOG] [Fast Refresh] done in 8ms @ http://localhost:3100/_next/static/chunks/2150_next_dist_06b1v5d._.js:776
[  318401ms] [LOG] [Fast Refresh] done in 8ms @ http://localhost:3100/_next/static/chunks/2150_next_dist_06b1v5d._.js:776
[  320295ms] [LOG] [Fast Refresh] done in 8ms @ http://localhost:3100/_next/static/chunks/2150_next_dist_06b1v5d._.js:776
[  325803ms] [LOG] [Fast Refresh] done in 8ms @ http://localhost:3100/_next/static/chunks/2150_next_dist_06b1v5d._.js:776
[  326958ms] [LOG] [Fast Refresh] done in 8ms @ http://localhost:3100/_next/static/chunks/2150_next_dist_06b1v5d._.js:776
[  329118ms] [LOG] [Fast Refresh] done in 8ms @ http://localhost:3100/_next/static/chunks/2150_next_dist_06b1v5d._.js:776
[  330311ms] [LOG] [Fast Refresh] done in 8ms @ http://localhost:3100/_next/static/chunks/2150_next_dist_06b1v5d._.js:776
[  513624ms] [LOG] [Fast Refresh] rebuilding @ http://localhost:3100/_next/static/chunks/2150_next_dist_06b1v5d._.js:776
[  514345ms] [ERROR] Failed to load resource: the server responded with a status of 404 (Not Found) @ http://localhost:3100/en/journ/schedule?_rsc=SGGeESxr0u6WSZis:0
[  514347ms] [WARNING] %c%s%c ⚠ Unsupported metadata viewport is configured in metadata export in /_not-found. Please move it to viewport export instead.
Read more: https://nextjs.org/docs/app/api-reference/functions/generate-viewport background: #e6e6e6;background: light-dark(rgba(0,0,0,0.1), rgba(255,255,255,0.25));color: #000000;color: light-dark(#000000, #ffffff);border-radius: 2px  Server   @ http://localhost:3100/_next/static/chunks/2150_next_dist_06b1v5d._.js:776
[  514347ms] [LOG] [Fast Refresh] done in 124ms @ http://localhost:3100/_next/static/chunks/2150_next_dist_06b1v5d._.js:776
[  514390ms] [ERROR] Failed to load resource: the server responded with a status of 404 (Not Found) @ http://localhost:3100/en/journ/schedule?_rsc=SGGeESxr0u6WSZis:0
[  514391ms] [WARNING] %c%s%c ⚠ Unsupported metadata viewport is configured in metadata export in /_not-found. Please move it to viewport export instead.
Read more: https://nextjs.org/docs/app/api-reference/functions/generate-viewport background: #e6e6e6;background: light-dark(rgba(0,0,0,0.1), rgba(255,255,255,0.25));color: #000000;color: light-dark(#000000, #ffffff);border-radius: 2px  Server   @ http://localhost:3100/_next/static/chunks/2150_next_dist_06b1v5d._.js:776
[  514441ms] [LOG] [Fast Refresh] done in 124ms @ http://localhost:3100/_next/static/chunks/2150_next_dist_06b1v5d._.js:776
[  514454ms] [ERROR] Failed to load resource: the server responded with a status of 404 (Not Found) @ http://localhost:3100/en/journ/schedule:0
[  514516ms] [INFO] %cDownload the React DevTools for a better development experience: https://react.dev/link/react-devtools font-weight:bold @ http://localhost:3100/_next/static/chunks/2150_next_dist_06b1v5d._.js:776
[  514529ms] [LOG] [HMR] connected @ http://localhost:3100/_next/static/chunks/2150_next_dist_06b1v5d._.js:776
[  514531ms] [WARNING] %c%s%c ⚠ Unsupported metadata viewport is configured in metadata export in /_not-found. Please move it to viewport export instead.
Read more: https://nextjs.org/docs/app/api-reference/functions/generate-viewport background: #e6e6e6;background: light-dark(rgba(0,0,0,0.1), rgba(255,255,255,0.25));color: #000000;color: light-dark(#000000, #ffffff);border-radius: 2px  Server   @ http://localhost:3100/_next/static/chunks/2150_next_dist_06b1v5d._.js:776
[  517799ms] [LOG] [Fast Refresh] rebuilding @ http://localhost:3100/_next/static/chunks/2150_next_dist_06b1v5d._.js:776
[  517867ms] [ERROR] Failed to load resource: the server responded with a status of 404 (Not Found) @ http://localhost:3100/en/journ/schedule?_rsc=7TmJZH1YHwSue7fr:0
[  517868ms] [WARNING] %c%s%c ⚠ Unsupported metadata viewport is configured in metadata export in /_not-found. Please move it to viewport export instead.
Read more: https://nextjs.org/docs/app/api-reference/functions/generate-viewport background: #e6e6e6;background: light-dark(rgba(0,0,0,0.1), rgba(255,255,255,0.25));color: #000000;color: light-dark(#000000, #ffffff);border-radius: 2px  Server   @ http://localhost:3100/_next/static/chunks/2150_next_dist_06b1v5d._.js:776
[  517869ms] [LOG] [Fast Refresh] done in 172ms @ http://localhost:3100/_next/static/chunks/2150_next_dist_06b1v5d._.js:776
[  518037ms] [LOG] [Fast Refresh] done in 174ms @ http://localhost:3100/_next/static/chunks/2150_next_dist_06b1v5d._.js:776
[  518052ms] [ERROR] Failed to load resource: the server responded with a status of 404 (Not Found) @ http://localhost:3100/en/journ/schedule?_rsc=7TmJZH1YHwSue7fr:0
[  518053ms] [WARNING] %c%s%c ⚠ Unsupported metadata viewport is configured in metadata export in /_not-found. Please move it to viewport export instead.
Read more: https://nextjs.org/docs/app/api-reference/functions/generate-viewport background: #e6e6e6;background: light-dark(rgba(0,0,0,0.1), rgba(255,255,255,0.25));color: #000000;color: light-dark(#000000, #ffffff);border-radius: 2px  Server   @ http://localhost:3100/_next/static/chunks/2150_next_dist_06b1v5d._.js:776
[  518063ms] [ERROR] Failed to load resource: the server responded with a status of 404 (Not Found) @ http://localhost:3100/en/journ/schedule:0
[  518141ms] [INFO] %cDownload the React DevTools for a better development experience: https://react.dev/link/react-devtools font-weight:bold @ http://localhost:3100/_next/static/chunks/2150_next_dist_06b1v5d._.js:776
[  518149ms] [LOG] [HMR] connected @ http://localhost:3100/_next/static/chunks/2150_next_dist_06b1v5d._.js:776
[  518150ms] [WARNING] %c%s%c ⚠ Unsupported metadata viewport is configured in metadata export in /_not-found. Please move it to viewport export instead.
Read more: https://nextjs.org/docs/app/api-reference/functions/generate-viewport background: #e6e6e6;background: light-dark(rgba(0,0,0,0.1), rgba(255,255,255,0.25));color: #000000;color: light-dark(#000000, #ffffff);border-radius: 2px  Server   @ http://localhost:3100/_next/static/chunks/2150_next_dist_06b1v5d._.js:776
[  521975ms] [ERROR] Failed to load resource: the server responded with a status of 404 (Not Found) @ http://localhost:3100/en/journ/schedule?_rsc=7TmJZH1YHwSue7fr:0
[  521976ms] [WARNING] %c%s%c ⚠ Unsupported metadata viewport is configured in metadata export in /_not-found. Please move it to viewport export instead.
Read more: https://nextjs.org/docs/app/api-reference/functions/generate-viewport background: #e6e6e6;background: light-dark(rgba(0,0,0,0.1), rgba(255,255,255,0.25));color: #000000;color: light-dark(#000000, #ffffff);border-radius: 2px  Server   @ http://localhost:3100/_next/static/chunks/2150_next_dist_06b1v5d._.js:776
[  522206ms] [WARNING] %c%s%c ⚠ Unsupported metadata viewport is configured in metadata export in /[locale]/journ/schedule. Please move it to viewport export instead.
Read more: https://nextjs.org/docs/app/api-reference/functions/generate-viewport background: #e6e6e6;background: light-dark(rgba(0,0,0,0.1), rgba(255,255,255,0.25));color: #000000;color: light-dark(#000000, #ffffff);border-radius: 2px  Server   @ http://localhost:3100/_next/static/chunks/2150_next_dist_06b1v5d._.js:776
[  522371ms] [INFO] %cDownload the React DevTools for a better development experience: https://react.dev/link/react-devtools font-weight:bold @ http://localhost:3100/_next/static/chunks/2150_next_dist_06b1v5d._.js:776
[  522380ms] [LOG] [HMR] connected @ http://localhost:3100/_next/static/chunks/2150_next_dist_06b1v5d._.js:776
[  522387ms] [WARNING] %c%s%c ⚠ Unsupported metadata viewport is configured in metadata export in /[locale]/journ/schedule. Please move it to viewport export instead.
Read more: https://nextjs.org/docs/app/api-reference/functions/generate-viewport background: #e6e6e6;background: light-dark(rgba(0,0,0,0.1), rgba(255,255,255,0.25));color: #000000;color: light-dark(#000000, #ffffff);border-radius: 2px  Server   @ http://localhost:3100/_next/static/chunks/2150_next_dist_06b1v5d._.js:776
